Archive member included because of file (symbol)

c:/program files (x86)/atmel/avr tools/avr toolchain/bin/../lib/gcc/avr/4.7.2/avr5\libgcc.a(_udivmodhi4.o)
                              ./adc.o (__udivmodhi4)
c:/program files (x86)/atmel/avr tools/avr toolchain/bin/../lib/gcc/avr/4.7.2/avr5\libgcc.a(_divmodhi4.o)
                              ./buffer.o (__divmodhi4)
c:/program files (x86)/atmel/avr tools/avr toolchain/bin/../lib/gcc/avr/4.7.2/avr5\libgcc.a(_exit.o)
                              c:/program files (x86)/atmel/avr tools/avr toolchain/bin/../lib/gcc/avr/4.7.2/../../../../avr/lib/avr5/crtm164p.o (exit)
c:/program files (x86)/atmel/avr tools/avr toolchain/bin/../lib/gcc/avr/4.7.2/avr5\libgcc.a(_copy_data.o)
                              ./main.o (__do_copy_data)
c:/program files (x86)/atmel/avr tools/avr toolchain/bin/../lib/gcc/avr/4.7.2/avr5\libgcc.a(_clear_bss.o)
                              ./buffer.o (__do_clear_bss)
c:/program files (x86)/atmel/avr tools/avr toolchain/bin/../lib/gcc/avr/4.7.2/../../../../avr/lib/avr5\libc.a(memset.o)
                              ./main.o (memset)
c:/program files (x86)/atmel/avr tools/avr toolchain/bin/../lib/gcc/avr/4.7.2/../../../../avr/lib/avr5\libc.a(strcat.o)
                              ./main.o (strcat)
c:/program files (x86)/atmel/avr tools/avr toolchain/bin/../lib/gcc/avr/4.7.2/../../../../avr/lib/avr5\libc.a(strcmp.o)
                              ./main.o (strcmp)
c:/program files (x86)/atmel/avr tools/avr toolchain/bin/../lib/gcc/avr/4.7.2/../../../../avr/lib/avr5\libc.a(itoa.o)
                              ./main.o (itoa)
c:/program files (x86)/atmel/avr tools/avr toolchain/bin/../lib/gcc/avr/4.7.2/../../../../avr/lib/avr5\libc.a(strrev.o)
                              c:/program files (x86)/atmel/avr tools/avr toolchain/bin/../lib/gcc/avr/4.7.2/../../../../avr/lib/avr5\libc.a(itoa.o) (strrev)

Allocating common symbols
Common symbol       size              file

bufferTX0           0x20              ./buffer.o
cnt                 0x1               ./main.o
bufferTX1           0x20              ./buffer.o
flag_1s             0x1               ./main.o
bufferRX0           0x20              ./buffer.o
data_adc            0x10              ./main.o
flag_10s            0x1               ./main.o
tick                0x2               ./main.o
data_adc_tmp        0x4               ./main.o
relcmp              0x10              ./main.o
bufferRX1           0x20              ./buffer.o
flag_1ms            0x1               ./main.o

Memory Configuration

Name             Origin             Length             Attributes
text             0x00000000         0x00020000         xr
data             0x00800060         0x0000ffa0         rw !x
eeprom           0x00810000         0x00010000         rw !x
fuse             0x00820000         0x00000400         rw !x
lock             0x00830000         0x00000400         rw !x
signature        0x00840000         0x00000400         rw !x
user_signatures  0x00850000         0x00000400         rw !x
*default*        0x00000000         0xffffffff

Linker script and memory map

Address of section .data set to 0x800100
LOAD c:/program files (x86)/atmel/avr tools/avr toolchain/bin/../lib/gcc/avr/4.7.2/../../../../avr/lib/avr5/crtm164p.o
LOAD ./adc.o
LOAD ./buffer.o
LOAD ./main.o
LOAD ./uart.o
LOAD c:/program files (x86)/atmel/avr tools/avr toolchain/bin/../lib/gcc/avr/4.7.2/avr5\libgcc.a
LOAD c:/program files (x86)/atmel/avr tools/avr toolchain/bin/../lib/gcc/avr/4.7.2/../../../../avr/lib/avr5\libc.a
LOAD c:/program files (x86)/atmel/avr tools/avr toolchain/bin/../lib/gcc/avr/4.7.2/avr5\libgcc.a

.hash
 *(.hash)

.dynsym
 *(.dynsym)

.dynstr
 *(.dynstr)

.gnu.version
 *(.gnu.version)

.gnu.version_d
 *(.gnu.version_d)

.gnu.version_r
 *(.gnu.version_r)

.rel.init
 *(.rel.init)

.rela.init
 *(.rela.init)

.rel.text
 *(.rel.text)
 *(.rel.text.*)
 *(.rel.gnu.linkonce.t*)

.rela.text
 *(.rela.text)
 *(.rela.text.*)
 *(.rela.gnu.linkonce.t*)

.rel.fini
 *(.rel.fini)

.rela.fini
 *(.rela.fini)

.rel.rodata
 *(.rel.rodata)
 *(.rel.rodata.*)
 *(.rel.gnu.linkonce.r*)

.rela.rodata
 *(.rela.rodata)
 *(.rela.rodata.*)
 *(.rela.gnu.linkonce.r*)

.rel.data
 *(.rel.data)
 *(.rel.data.*)
 *(.rel.gnu.linkonce.d*)

.rela.data
 *(.rela.data)
 *(.rela.data.*)
 *(.rela.gnu.linkonce.d*)

.rel.ctors
 *(.rel.ctors)

.rela.ctors
 *(.rela.ctors)

.rel.dtors
 *(.rel.dtors)

.rela.dtors
 *(.rela.dtors)

.rel.got
 *(.rel.got)

.rela.got
 *(.rela.got)

.rel.bss
 *(.rel.bss)

.rela.bss
 *(.rela.bss)

.rel.plt
 *(.rel.plt)

.rela.plt
 *(.rela.plt)

.text           0x00000000      0x74c
 *(.vectors)
 .vectors       0x00000000       0x7c c:/program files (x86)/atmel/avr tools/avr toolchain/bin/../lib/gcc/avr/4.7.2/../../../../avr/lib/avr5/crtm164p.o
                0x00000000                __vector_default
                0x00000000                __vectors
 *(.vectors)
 *(.progmem.gcc*)
 *(.progmem*)
                0x0000007c                . = ALIGN (0x2)
                0x0000007c                __trampolines_start = .
 *(.trampolines)
 .trampolines   0x0000007c        0x0 linker stubs
 *(.trampolines*)
                0x0000007c                __trampolines_end = .
 *(.jumptables)
 *(.jumptables*)
 *(.lowtext)
 *(.lowtext*)
                0x0000007c                __ctors_start = .
 *(.ctors)
                0x0000007c                __ctors_end = .
                0x0000007c                __dtors_start = .
 *(.dtors)
                0x0000007c                __dtors_end = .
 SORT(*)(.ctors)
 SORT(*)(.dtors)
 *(.init0)
 .init0         0x0000007c        0x0 c:/program files (x86)/atmel/avr tools/avr toolchain/bin/../lib/gcc/avr/4.7.2/../../../../avr/lib/avr5/crtm164p.o
                0x0000007c                __init
 *(.init0)
 *(.init1)
 *(.init1)
 *(.init2)
 .init2         0x0000007c        0xc c:/program files (x86)/atmel/avr tools/avr toolchain/bin/../lib/gcc/avr/4.7.2/../../../../avr/lib/avr5/crtm164p.o
 *(.init2)
 *(.init3)
 *(.init3)
 *(.init4)
 .init4         0x00000088       0x16 c:/program files (x86)/atmel/avr tools/avr toolchain/bin/../lib/gcc/avr/4.7.2/avr5\libgcc.a(_copy_data.o)
                0x00000088                __do_copy_data
 .init4         0x0000009e       0x10 c:/program files (x86)/atmel/avr tools/avr toolchain/bin/../lib/gcc/avr/4.7.2/avr5\libgcc.a(_clear_bss.o)
                0x0000009e                __do_clear_bss
 *(.init4)
 *(.init5)
 *(.init5)
 *(.init6)
 *(.init6)
 *(.init7)
 *(.init7)
 *(.init8)
 *(.init8)
 *(.init9)
 .init9         0x000000ae        0x8 c:/program files (x86)/atmel/avr tools/avr toolchain/bin/../lib/gcc/avr/4.7.2/../../../../avr/lib/avr5/crtm164p.o
 *(.init9)
 *(.text)
 .text          0x000000b6        0x4 c:/program files (x86)/atmel/avr tools/avr toolchain/bin/../lib/gcc/avr/4.7.2/../../../../avr/lib/avr5/crtm164p.o
                0x000000b6                __vector_22
                0x000000b6                __vector_1
                0x000000b6                __vector_24
                0x000000b6                __vector_12
                0x000000b6                __bad_interrupt
                0x000000b6                __vector_6
                0x000000b6                __vector_3
                0x000000b6                __vector_23
                0x000000b6                __vector_30
                0x000000b6                __vector_25
                0x000000b6                __vector_11
                0x000000b6                __vector_13
                0x000000b6                __vector_17
                0x000000b6                __vector_19
                0x000000b6                __vector_7
                0x000000b6                __vector_27
                0x000000b6                __vector_5
                0x000000b6                __vector_4
                0x000000b6                __vector_9
                0x000000b6                __vector_2
                0x000000b6                __vector_21
                0x000000b6                __vector_15
                0x000000b6                __vector_29
                0x000000b6                __vector_8
                0x000000b6                __vector_26
                0x000000b6                __vector_14
                0x000000b6                __vector_10
                0x000000b6                __vector_18
                0x000000b6                __vector_20
 .text          0x000000ba        0x0 ./adc.o
 .text          0x000000ba        0x0 ./buffer.o
 .text          0x000000ba        0x0 ./main.o
 .text          0x000000ba        0x0 ./uart.o
 .text          0x000000ba        0x0 c:/program files (x86)/atmel/avr tools/avr toolchain/bin/../lib/gcc/avr/4.7.2/avr5\libgcc.a(_udivmodhi4.o)
 .text          0x000000ba        0x0 c:/program files (x86)/atmel/avr tools/avr toolchain/bin/../lib/gcc/avr/4.7.2/avr5\libgcc.a(_divmodhi4.o)
 .text          0x000000ba        0x0 c:/program files (x86)/atmel/avr tools/avr toolchain/bin/../lib/gcc/avr/4.7.2/avr5\libgcc.a(_exit.o)
 .text          0x000000ba        0x0 c:/program files (x86)/atmel/avr tools/avr toolchain/bin/../lib/gcc/avr/4.7.2/avr5\libgcc.a(_copy_data.o)
 .text          0x000000ba        0x0 c:/program files (x86)/atmel/avr tools/avr toolchain/bin/../lib/gcc/avr/4.7.2/avr5\libgcc.a(_clear_bss.o)
 .text          0x000000ba        0x0 c:/program files (x86)/atmel/avr tools/avr toolchain/bin/../lib/gcc/avr/4.7.2/../../../../avr/lib/avr5\libc.a(memset.o)
 .text          0x000000ba        0x0 c:/program files (x86)/atmel/avr tools/avr toolchain/bin/../lib/gcc/avr/4.7.2/../../../../avr/lib/avr5\libc.a(strcat.o)
 .text          0x000000ba        0x0 c:/program files (x86)/atmel/avr tools/avr toolchain/bin/../lib/gcc/avr/4.7.2/../../../../avr/lib/avr5\libc.a(strcmp.o)
 .text          0x000000ba        0x0 c:/program files (x86)/atmel/avr tools/avr toolchain/bin/../lib/gcc/avr/4.7.2/../../../../avr/lib/avr5\libc.a(itoa.o)
 .text          0x000000ba        0x0 c:/program files (x86)/atmel/avr tools/avr toolchain/bin/../lib/gcc/avr/4.7.2/../../../../avr/lib/avr5\libc.a(strrev.o)
                0x000000ba                . = ALIGN (0x2)
 *(.text.*)
 .text.adc_init
                0x000000ba       0x22 ./adc.o
                0x000000ba                adc_init
 .text.adc_read_single
                0x000000dc       0x2a ./adc.o
                0x000000dc                adc_read_single
 .text.adc_read_10
                0x00000106       0x34 ./adc.o
                0x00000106                adc_read_10
 .text.adc_read_avg
                0x0000013a       0x4c ./adc.o
                0x0000013a                adc_read_avg
 .text.adc_read_cont
                0x00000186       0x34 ./adc.o
                0x00000186                adc_read_cont
 .text.put_in_bufferTX0
                0x000001ba       0x20 ./buffer.o
                0x000001ba                put_in_bufferTX0
 .text.available_bufferTX0
                0x000001da       0x18 ./buffer.o
                0x000001da                available_bufferTX0
 .text.get_from_bufferTX0
                0x000001f2       0x20 ./buffer.o
                0x000001f2                get_from_bufferTX0
 .text.put_in_bufferRX0
                0x00000212       0x20 ./buffer.o
                0x00000212                put_in_bufferRX0
 .text.available_bufferRX0
                0x00000232       0x18 ./buffer.o
                0x00000232                available_bufferRX0
 .text.get_from_bufferRX0
                0x0000024a       0x20 ./buffer.o
                0x0000024a                get_from_bufferRX0
 .text.put_in_bufferTX1
                0x0000026a       0x20 ./buffer.o
                0x0000026a                put_in_bufferTX1
 .text.available_bufferTX1
                0x0000028a       0x18 ./buffer.o
                0x0000028a                available_bufferTX1
 .text.get_from_bufferTX1
                0x000002a2       0x20 ./buffer.o
                0x000002a2                get_from_bufferTX1
 .text.put_in_bufferRX1
                0x000002c2       0x20 ./buffer.o
                0x000002c2                put_in_bufferRX1
 .text.available_bufferRX1
                0x000002e2       0x18 ./buffer.o
                0x000002e2                available_bufferRX1
 .text.get_from_bufferRX1
                0x000002fa       0x20 ./buffer.o
                0x000002fa                get_from_bufferRX1
 .text.timer0_init
                0x0000031a       0x22 ./main.o
                0x0000031a                timer0_init
 .text.relays_state
                0x0000033c       0xea ./main.o
                0x0000033c                relays_state
 .text.startup.main
                0x00000426       0xe6 ./main.o
                0x00000426                main
 .text.__vector_28
                0x0000050c       0x4c ./main.o
                0x0000050c                __vector_28
 .text.__vector_16
                0x00000558       0x58 ./main.o
                0x00000558                __vector_16
 .text.uart0_conf
                0x000005b0       0x24 ./uart.o
                0x000005b0                uart0_conf
 .text.uart0_send
                0x000005d4        0xe ./uart.o
                0x000005d4                uart0_send
 .text.uart0_receive
                0x000005e2        0xe ./uart.o
                0x000005e2                uart0_receive
 .text.uart0_puts
                0x000005f0       0x18 ./uart.o
                0x000005f0                uart0_puts
 .text.uart1_conf
                0x00000608       0x24 ./uart.o
                0x00000608                uart1_conf
 .text.uart1_send
                0x0000062c        0xe ./uart.o
                0x0000062c                uart1_send
 .text.uart1_receive
                0x0000063a        0xe ./uart.o
                0x0000063a                uart1_receive
 .text.uart1_puts
                0x00000648       0x18 ./uart.o
                0x00000648                uart1_puts
 .text.libgcc.mul
                0x00000660        0x0 c:/program files (x86)/atmel/avr tools/avr toolchain/bin/../lib/gcc/avr/4.7.2/avr5\libgcc.a(_udivmodhi4.o)
 .text.libgcc.div
                0x00000660       0x28 c:/program files (x86)/atmel/avr tools/avr toolchain/bin/../lib/gcc/avr/4.7.2/avr5\libgcc.a(_udivmodhi4.o)
                0x00000660                __udivmodhi4
 .text.libgcc   0x00000688        0x0 c:/program files (x86)/atmel/avr tools/avr toolchain/bin/../lib/gcc/avr/4.7.2/avr5\libgcc.a(_udivmodhi4.o)
 .text.libgcc.prologue
                0x00000688        0x0 c:/program files (x86)/atmel/avr tools/avr toolchain/bin/../lib/gcc/avr/4.7.2/avr5\libgcc.a(_udivmodhi4.o)
 .text.libgcc.builtins
                0x00000688        0x0 c:/program files (x86)/atmel/avr tools/avr toolchain/bin/../lib/gcc/avr/4.7.2/avr5\libgcc.a(_udivmodhi4.o)
 .text.libgcc.fmul
                0x00000688        0x0 c:/program files (x86)/atmel/avr tools/avr toolchain/bin/../lib/gcc/avr/4.7.2/avr5\libgcc.a(_udivmodhi4.o)
 .text.libgcc.mul
                0x00000688        0x0 c:/program files (x86)/atmel/avr tools/avr toolchain/bin/../lib/gcc/avr/4.7.2/avr5\libgcc.a(_divmodhi4.o)
 .text.libgcc.div
                0x00000688       0x28 c:/program files (x86)/atmel/avr tools/avr toolchain/bin/../lib/gcc/avr/4.7.2/avr5\libgcc.a(_divmodhi4.o)
                0x00000688                _div
                0x00000688                __divmodhi4
 .text.libgcc   0x000006b0        0x0 c:/program files (x86)/atmel/avr tools/avr toolchain/bin/../lib/gcc/avr/4.7.2/avr5\libgcc.a(_divmodhi4.o)
 .text.libgcc.prologue
                0x000006b0        0x0 c:/program files (x86)/atmel/avr tools/avr toolchain/bin/../lib/gcc/avr/4.7.2/avr5\libgcc.a(_divmodhi4.o)
 .text.libgcc.builtins
                0x000006b0        0x0 c:/program files (x86)/atmel/avr tools/avr toolchain/bin/../lib/gcc/avr/4.7.2/avr5\libgcc.a(_divmodhi4.o)
 .text.libgcc.fmul
                0x000006b0        0x0 c:/program files (x86)/atmel/avr tools/avr toolchain/bin/../lib/gcc/avr/4.7.2/avr5\libgcc.a(_divmodhi4.o)
 .text.libgcc.mul
                0x000006b0        0x0 c:/program files (x86)/atmel/avr tools/avr toolchain/bin/../lib/gcc/avr/4.7.2/avr5\libgcc.a(_exit.o)
 .text.libgcc.div
                0x000006b0        0x0 c:/program files (x86)/atmel/avr tools/avr toolchain/bin/../lib/gcc/avr/4.7.2/avr5\libgcc.a(_exit.o)
 .text.libgcc   0x000006b0        0x0 c:/program files (x86)/atmel/avr tools/avr toolchain/bin/../lib/gcc/avr/4.7.2/avr5\libgcc.a(_exit.o)
 .text.libgcc.prologue
                0x000006b0        0x0 c:/program files (x86)/atmel/avr tools/avr toolchain/bin/../lib/gcc/avr/4.7.2/avr5\libgcc.a(_exit.o)
 .text.libgcc.builtins
                0x000006b0        0x0 c:/program files (x86)/atmel/avr tools/avr toolchain/bin/../lib/gcc/avr/4.7.2/avr5\libgcc.a(_exit.o)
 .text.libgcc.fmul
                0x000006b0        0x0 c:/program files (x86)/atmel/avr tools/avr toolchain/bin/../lib/gcc/avr/4.7.2/avr5\libgcc.a(_exit.o)
 .text.libgcc.mul
                0x000006b0        0x0 c:/program files (x86)/atmel/avr tools/avr toolchain/bin/../lib/gcc/avr/4.7.2/avr5\libgcc.a(_copy_data.o)
 .text.libgcc.div
                0x000006b0        0x0 c:/program files (x86)/atmel/avr tools/avr toolchain/bin/../lib/gcc/avr/4.7.2/avr5\libgcc.a(_copy_data.o)
 .text.libgcc   0x000006b0        0x0 c:/program files (x86)/atmel/avr tools/avr toolchain/bin/../lib/gcc/avr/4.7.2/avr5\libgcc.a(_copy_data.o)
 .text.libgcc.prologue
                0x000006b0        0x0 c:/program files (x86)/atmel/avr tools/avr toolchain/bin/../lib/gcc/avr/4.7.2/avr5\libgcc.a(_copy_data.o)
 .text.libgcc.builtins
                0x000006b0        0x0 c:/program files (x86)/atmel/avr tools/avr toolchain/bin/../lib/gcc/avr/4.7.2/avr5\libgcc.a(_copy_data.o)
 .text.libgcc.fmul
                0x000006b0        0x0 c:/program files (x86)/atmel/avr tools/avr toolchain/bin/../lib/gcc/avr/4.7.2/avr5\libgcc.a(_copy_data.o)
 .text.libgcc.mul
                0x000006b0        0x0 c:/program files (x86)/atmel/avr tools/avr toolchain/bin/../lib/gcc/avr/4.7.2/avr5\libgcc.a(_clear_bss.o)
 .text.libgcc.div
                0x000006b0        0x0 c:/program files (x86)/atmel/avr tools/avr toolchain/bin/../lib/gcc/avr/4.7.2/avr5\libgcc.a(_clear_bss.o)
 .text.libgcc   0x000006b0        0x0 c:/program files (x86)/atmel/avr tools/avr toolchain/bin/../lib/gcc/avr/4.7.2/avr5\libgcc.a(_clear_bss.o)
 .text.libgcc.prologue
                0x000006b0        0x0 c:/program files (x86)/atmel/avr tools/avr toolchain/bin/../lib/gcc/avr/4.7.2/avr5\libgcc.a(_clear_bss.o)
 .text.libgcc.builtins
                0x000006b0        0x0 c:/program files (x86)/atmel/avr tools/avr toolchain/bin/../lib/gcc/avr/4.7.2/avr5\libgcc.a(_clear_bss.o)
 .text.libgcc.fmul
                0x000006b0        0x0 c:/program files (x86)/atmel/avr tools/avr toolchain/bin/../lib/gcc/avr/4.7.2/avr5\libgcc.a(_clear_bss.o)
 .text.avr-libc
                0x000006b0        0xe c:/program files (x86)/atmel/avr tools/avr toolchain/bin/../lib/gcc/avr/4.7.2/../../../../avr/lib/avr5\libc.a(memset.o)
                0x000006b0                memset
 .text.avr-libc
                0x000006be       0x16 c:/program files (x86)/atmel/avr tools/avr toolchain/bin/../lib/gcc/avr/4.7.2/../../../../avr/lib/avr5\libc.a(strcat.o)
                0x000006be                strcat
 .text.avr-libc
                0x000006d4       0x12 c:/program files (x86)/atmel/avr tools/avr toolchain/bin/../lib/gcc/avr/4.7.2/../../../../avr/lib/avr5\libc.a(strcmp.o)
                0x000006d4                strcmp
 .text.avr-libc
                0x000006e6       0x42 c:/program files (x86)/atmel/avr tools/avr toolchain/bin/../lib/gcc/avr/4.7.2/../../../../avr/lib/avr5\libc.a(itoa.o)
                0x000006e6                itoa
 .text.avr-libc
                0x00000728       0x20 c:/program files (x86)/atmel/avr tools/avr toolchain/bin/../lib/gcc/avr/4.7.2/../../../../avr/lib/avr5\libc.a(strrev.o)
                0x00000728                strrev
                0x00000748                . = ALIGN (0x2)
 *(.fini9)
 .fini9         0x00000748        0x0 c:/program files (x86)/atmel/avr tools/avr toolchain/bin/../lib/gcc/avr/4.7.2/avr5\libgcc.a(_exit.o)
                0x00000748                _exit
                0x00000748                exit
 *(.fini9)
 *(.fini8)
 *(.fini8)
 *(.fini7)
 *(.fini7)
 *(.fini6)
 *(.fini6)
 *(.fini5)
 *(.fini5)
 *(.fini4)
 *(.fini4)
 *(.fini3)
 *(.fini3)
 *(.fini2)
 *(.fini2)
 *(.fini1)
 *(.fini1)
 *(.fini0)
 .fini0         0x00000748        0x4 c:/program files (x86)/atmel/avr tools/avr toolchain/bin/../lib/gcc/avr/4.7.2/avr5\libgcc.a(_exit.o)
 *(.fini0)
                0x0000074c                _etext = .

.data           0x00800100       0x6c load address 0x0000074c
                0x00800100                PROVIDE (__data_start, .)
 *(.data)
 .data          0x00800100        0x0 c:/program files (x86)/atmel/avr tools/avr toolchain/bin/../lib/gcc/avr/4.7.2/../../../../avr/lib/avr5/crtm164p.o
 .data          0x00800100        0x0 ./adc.o
 .data          0x00800100        0x0 ./buffer.o
 .data          0x00800100        0x0 ./main.o
 .data          0x00800100        0x0 ./uart.o
 .data          0x00800100        0x0 c:/program files (x86)/atmel/avr tools/avr toolchain/bin/../lib/gcc/avr/4.7.2/avr5\libgcc.a(_udivmodhi4.o)
 .data          0x00800100        0x0 c:/program files (x86)/atmel/avr tools/avr toolchain/bin/../lib/gcc/avr/4.7.2/avr5\libgcc.a(_divmodhi4.o)
 .data          0x00800100        0x0 c:/program files (x86)/atmel/avr tools/avr toolchain/bin/../lib/gcc/avr/4.7.2/avr5\libgcc.a(_exit.o)
 .data          0x00800100        0x0 c:/program files (x86)/atmel/avr tools/avr toolchain/bin/../lib/gcc/avr/4.7.2/avr5\libgcc.a(_copy_data.o)
 .data          0x00800100        0x0 c:/program files (x86)/atmel/avr tools/avr toolchain/bin/../lib/gcc/avr/4.7.2/avr5\libgcc.a(_clear_bss.o)
 .data          0x00800100        0x0 c:/program files (x86)/atmel/avr tools/avr toolchain/bin/../lib/gcc/avr/4.7.2/../../../../avr/lib/avr5\libc.a(memset.o)
 .data          0x00800100        0x0 c:/program files (x86)/atmel/avr tools/avr toolchain/bin/../lib/gcc/avr/4.7.2/../../../../avr/lib/avr5\libc.a(strcat.o)
 .data          0x00800100        0x0 c:/program files (x86)/atmel/avr tools/avr toolchain/bin/../lib/gcc/avr/4.7.2/../../../../avr/lib/avr5\libc.a(strcmp.o)
 .data          0x00800100        0x0 c:/program files (x86)/atmel/avr tools/avr toolchain/bin/../lib/gcc/avr/4.7.2/../../../../avr/lib/avr5\libc.a(itoa.o)
 .data          0x00800100        0x0 c:/program files (x86)/atmel/avr tools/avr toolchain/bin/../lib/gcc/avr/4.7.2/../../../../avr/lib/avr5\libc.a(strrev.o)
 *(.data*)
 .data.pomiar   0x00800100        0x2 ./main.o
                0x00800100                pomiar
 .data.reloff   0x00800102        0xa ./main.o
                0x00800102                reloff
 .data.relon    0x0080010c        0x9 ./main.o
                0x0080010c                relon
 .data.rel4off  0x00800115        0xb ./main.o
                0x00800115                rel4off
 .data.rel4on   0x00800120        0xa ./main.o
                0x00800120                rel4on
 .data.rel3off  0x0080012a        0xb ./main.o
                0x0080012a                rel3off
 .data.rel3on   0x00800135        0xa ./main.o
                0x00800135                rel3on
 .data.rel2off  0x0080013f        0xb ./main.o
                0x0080013f                rel2off
 .data.rel2on   0x0080014a        0xa ./main.o
                0x0080014a                rel2on
 .data.rel1off  0x00800154        0xb ./main.o
                0x00800154                rel1off
 .data.rel1on   0x0080015f        0xa ./main.o
                0x0080015f                rel1on
 *(.rodata)
 *(.rodata*)
 .rodata.str1.1
                0x00800169        0x2 ./main.o
 *(.gnu.linkonce.d*)
                0x0080016c                . = ALIGN (0x2)
 *fill*         0x0080016b        0x1 
                0x0080016c                _edata = .
                0x0080016c                PROVIDE (__data_end, .)

.bss            0x0080016c       0xb2
                0x0080016c                PROVIDE (__bss_start, .)
 *(.bss)
 .bss           0x0080016c        0x0 c:/program files (x86)/atmel/avr tools/avr toolchain/bin/../lib/gcc/avr/4.7.2/../../../../avr/lib/avr5/crtm164p.o
 .bss           0x0080016c        0x0 ./adc.o
 .bss           0x0080016c        0x0 ./buffer.o
 .bss           0x0080016c        0x0 ./main.o
 .bss           0x0080016c        0x0 ./uart.o
 .bss           0x0080016c        0x0 c:/program files (x86)/atmel/avr tools/avr toolchain/bin/../lib/gcc/avr/4.7.2/avr5\libgcc.a(_udivmodhi4.o)
 .bss           0x0080016c        0x0 c:/program files (x86)/atmel/avr tools/avr toolchain/bin/../lib/gcc/avr/4.7.2/avr5\libgcc.a(_divmodhi4.o)
 .bss           0x0080016c        0x0 c:/program files (x86)/atmel/avr tools/avr toolchain/bin/../lib/gcc/avr/4.7.2/avr5\libgcc.a(_exit.o)
 .bss           0x0080016c        0x0 c:/program files (x86)/atmel/avr tools/avr toolchain/bin/../lib/gcc/avr/4.7.2/avr5\libgcc.a(_copy_data.o)
 .bss           0x0080016c        0x0 c:/program files (x86)/atmel/avr tools/avr toolchain/bin/../lib/gcc/avr/4.7.2/avr5\libgcc.a(_clear_bss.o)
 .bss           0x0080016c        0x0 c:/program files (x86)/atmel/avr tools/avr toolchain/bin/../lib/gcc/avr/4.7.2/../../../../avr/lib/avr5\libc.a(memset.o)
 .bss           0x0080016c        0x0 c:/program files (x86)/atmel/avr tools/avr toolchain/bin/../lib/gcc/avr/4.7.2/../../../../avr/lib/avr5\libc.a(strcat.o)
 .bss           0x0080016c        0x0 c:/program files (x86)/atmel/avr tools/avr toolchain/bin/../lib/gcc/avr/4.7.2/../../../../avr/lib/avr5\libc.a(strcmp.o)
 .bss           0x0080016c        0x0 c:/program files (x86)/atmel/avr tools/avr toolchain/bin/../lib/gcc/avr/4.7.2/../../../../avr/lib/avr5\libc.a(itoa.o)
 .bss           0x0080016c        0x0 c:/program files (x86)/atmel/avr tools/avr toolchain/bin/../lib/gcc/avr/4.7.2/../../../../avr/lib/avr5\libc.a(strrev.o)
 *(.bss*)
 .bss.bufferRX1_tail
                0x0080016c        0x1 ./buffer.o
                0x0080016c                bufferRX1_tail
 .bss.bufferRX1_head
                0x0080016d        0x1 ./buffer.o
                0x0080016d                bufferRX1_head
 .bss.bufferTX1_tail
                0x0080016e        0x1 ./buffer.o
                0x0080016e                bufferTX1_tail
 .bss.bufferTX1_head
                0x0080016f        0x1 ./buffer.o
                0x0080016f                bufferTX1_head
 .bss.bufferRX0_tail
                0x00800170        0x1 ./buffer.o
                0x00800170                bufferRX0_tail
 .bss.bufferRX0_head
                0x00800171        0x1 ./buffer.o
                0x00800171                bufferRX0_head
 .bss.bufferTX0_tail
                0x00800172        0x1 ./buffer.o
                0x00800172                bufferTX0_tail
 .bss.bufferTX0_head
                0x00800173        0x1 ./buffer.o
                0x00800173                bufferTX0_head
 *(COMMON)
 COMMON         0x00800174       0x80 ./buffer.o
                0x00800174                bufferTX0
                0x00800194                bufferTX1
                0x008001b4                bufferRX0
                0x008001d4                bufferRX1
 COMMON         0x008001f4       0x2a ./main.o
                0x008001f4                cnt
                0x008001f5                flag_1s
                0x008001f6                data_adc
                0x00800206                flag_10s
                0x00800207                tick
                0x00800209                data_adc_tmp
                0x0080020d                relcmp
                0x0080021d                flag_1ms
                0x0080021e                PROVIDE (__bss_end, .)
                0x0000074c                __data_load_start = LOADADDR (.data)
                0x000007b8                __data_load_end = (__data_load_start + SIZEOF (.data))

.noinit         0x0080021e        0x0
                0x0080021e                PROVIDE (__noinit_start, .)
 *(.noinit*)
                0x0080021e                PROVIDE (__noinit_end, .)
                0x0080021e                _end = .
                0x0080021e                PROVIDE (__heap_start, .)

.eeprom         0x00810000        0x0
 *(.eeprom*)
                0x00810000                __eeprom_end = .

.fuse
 *(.fuse)
 *(.lfuse)
 *(.hfuse)
 *(.efuse)

.lock
 *(.lock*)

.signature
 *(.signature*)

.user_signatures
 *(.user_signatures*)

.stab           0x00000000      0xae0
 *(.stab)
 .stab          0x00000000      0x6cc c:/program files (x86)/atmel/avr tools/avr toolchain/bin/../lib/gcc/avr/4.7.2/../../../../avr/lib/avr5/crtm164p.o
 .stab          0x000006cc       0x6c c:/program files (x86)/atmel/avr tools/avr toolchain/bin/../lib/gcc/avr/4.7.2/../../../../avr/lib/avr5\libc.a(memset.o)
                                 0x78 (size before relaxing)
 .stab          0x00000738       0x9c c:/program files (x86)/atmel/avr tools/avr toolchain/bin/../lib/gcc/avr/4.7.2/../../../../avr/lib/avr5\libc.a(strcat.o)
                                 0xa8 (size before relaxing)
 .stab          0x000007d4       0x84 c:/program files (x86)/atmel/avr tools/avr toolchain/bin/../lib/gcc/avr/4.7.2/../../../../avr/lib/avr5\libc.a(strcmp.o)
                                 0x90 (size before relaxing)
 .stab          0x00000858      0x1b0 c:/program files (x86)/atmel/avr tools/avr toolchain/bin/../lib/gcc/avr/4.7.2/../../../../avr/lib/avr5\libc.a(itoa.o)
                                0x1bc (size before relaxing)
 .stab          0x00000a08       0xd8 c:/program files (x86)/atmel/avr tools/avr toolchain/bin/../lib/gcc/avr/4.7.2/../../../../avr/lib/avr5\libc.a(strrev.o)
                                 0xe4 (size before relaxing)

.stabstr        0x00000000      0x2df
 *(.stabstr)
 .stabstr       0x00000000      0x2df c:/program files (x86)/atmel/avr tools/avr toolchain/bin/../lib/gcc/avr/4.7.2/../../../../avr/lib/avr5/crtm164p.o

.stab.excl
 *(.stab.excl)

.stab.exclstr
 *(.stab.exclstr)

.stab.index
 *(.stab.index)

.stab.indexstr
 *(.stab.indexstr)

.comment        0x00000000       0x2f
 *(.comment)
 .comment       0x00000000       0x2f ./adc.o
                                 0x30 (size before relaxing)
 .comment       0x00000000       0x30 ./buffer.o
 .comment       0x00000000       0x30 ./main.o
 .comment       0x00000000       0x30 ./uart.o

.debug
 *(.debug)

.line
 *(.line)

.debug_srcinfo
 *(.debug_srcinfo)

.debug_sfnames
 *(.debug_sfnames)

.debug_aranges
 *(.debug_aranges)

.debug_pubnames
 *(.debug_pubnames)

.debug_info
 *(.debug_info)
 *(.gnu.linkonce.wi.*)

.debug_abbrev
 *(.debug_abbrev)

.debug_line
 *(.debug_line)

.debug_frame
 *(.debug_frame)

.debug_str
 *(.debug_str)

.debug_loc
 *(.debug_loc)

.debug_macinfo
 *(.debug_macinfo)

.debug_pubtypes
 *(.debug_pubtypes)

.debug_ranges
 *(.debug_ranges)

.debug_macro
 *(.debug_macro)
OUTPUT(mgr.elf elf32-avr)
LOAD linker stubs
